"D:/UIUC/2017_Spring/ECE_396/i2s_fifo_zcr_ste_subMean_bForm_R/RD1171/source/Verilog/I2S_Controller.v"
"D:/UIUC/2017_Spring/ECE_396/i2s_fifo_zcr_ste_subMean_bForm_R/RD1171/source/Verilog/i2s_rx.v"
"D:/UIUC/2017_Spring/ECE_396/i2s_fifo_zcr_ste_subMean_bForm_R/pll1.v"
"D:/UIUC/2017_Spring/ECE_396/i2s_fifo_zcr_ste_subMean_bForm_R/my_tb.v"
"D:/UIUC/2017_Spring/ECE_396/i2s_fifo_zcr_ste_subMean_bForm_R/top.v"
"D:/UIUC/2017_Spring/ECE_396/i2s_fifo_zcr_ste_subMean_bForm_R/fifo_left.v"
"D:/UIUC/2017_Spring/ECE_396/i2s_fifo_zcr_ste_subMean_bForm_R/fifo_right.v"
"D:/UIUC/2017_Spring/ECE_396/i2s_fifo_zcr_ste_subMean_bForm_R/zcr.v"
"D:/UIUC/2017_Spring/ECE_396/i2s_fifo_zcr_ste_subMean_bForm_R/squares.v"
"D:/UIUC/2017_Spring/ECE_396/i2s_fifo_zcr_ste_subMean_bForm_R/ste.v"
"D:/UIUC/2017_Spring/ECE_396/i2s_fifo_zcr_ste_subMean_bForm_R/submean2.v"
"D:/UIUC/2017_Spring/ECE_396/i2s_fifo_zcr_ste_subMean_bForm_R/fifo_submean.v"
"D:/UIUC/2017_Spring/ECE_396/i2s_fifo_zcr_ste_subMean_bForm_R/rising_edge_det.v"
"D:/UIUC/2017_Spring/ECE_396/i2s_fifo_zcr_ste_subMean_bForm_R/clkdiv.v"
"D:/UIUC/2017_Spring/ECE_396/i2s_fifo_zcr_ste_subMean_bForm_R/char_cntrl.v"
"D:/UIUC/2017_Spring/ECE_396/i2s_fifo_zcr_ste_subMean_bForm_R/beam_forming.v"
"D:/UIUC/2017_Spring/ECE_396/i2s_fifo_zcr_ste_subMean_bForm_R/mult16_array.v"
"D:/UIUC/2017_Spring/ECE_396/i2s_fifo_zcr_ste_subMean_bForm_R/roughness.v"
"D:/UIUC/2017_Spring/ECE_396/i2s_fifo_zcr_ste_subMean_bForm_R/roughness_signals.v"
