"C:/Users/SEC29/Desktop/i2s_iot/rd1005_i2c_master_controller/rd1005/source/verilog/i2c_top.v"
"C:/Users/SEC29/Desktop/i2s_iot/rd1005_i2c_master_controller/rd1005/source/vhdl/i2c_arb_blk.vhd=work"
"C:/Users/SEC29/Desktop/i2s_iot/rd1005_i2c_master_controller/rd1005/source/vhdl/i2c_clk_blk.vhd=work"
"C:/Users/SEC29/Desktop/i2s_iot/rd1005_i2c_master_controller/rd1005/source/vhdl/i2c_cnt_blk.vhd=work"
"C:/Users/SEC29/Desktop/i2s_iot/rd1005_i2c_master_controller/rd1005/source/vhdl/i2c_int_blk.vhd=work"
"C:/Users/SEC29/Desktop/i2s_iot/rd1005_i2c_master_controller/rd1005/source/vhdl/i2c_main_blk.vhd=work"
"C:/Users/SEC29/Desktop/i2s_iot/rd1005_i2c_master_controller/rd1005/source/vhdl/i2c_mpu_blk.vhd=work"
"C:/Users/SEC29/Desktop/i2s_iot/rd1005_i2c_master_controller/rd1005/source/vhdl/i2c_ss_blk.vhd=work"
"C:/Users/SEC29/Desktop/i2s_iot/rd1005_i2c_master_controller/rd1005/source/vhdl/i2c_synch_blk.vhd=work"
"C:/Users/SEC29/Desktop/i2s_iot/rd1005_i2c_master_controller/rd1005/testbench/verilog/ack_gen.vhd"
"C:/Users/SEC29/Desktop/i2s_iot/rd1005_i2c_master_controller/rd1005/testbench/verilog/clk_reset.vhd"
"C:/Users/SEC29/Desktop/i2s_iot/rd1005_i2c_master_controller/rd1005/testbench/verilog/i2c_slave.vhd"
"C:/Users/SEC29/Desktop/i2s_iot/rd1005_i2c_master_controller/rd1005/testbench/verilog/pullup.vhd"
"C:/Users/SEC29/Desktop/i2s_iot/rd1005_i2c_master_controller/rd1005/testbench/verilog/top_test_bench.v"
"C:/Users/SEC29/Desktop/i2s_iot/rd1005_i2c_master_controller/rd1005/testbench/verilog/top_test_bench.vhd"
"C:/Users/SEC29/Desktop/i2s_iot/rd1005_i2c_master_controller/rd1005/testbench/verilog/top_test_bench_4k.vhd"
"C:/Users/SEC29/Desktop/i2s_iot/rd1005_i2c_master_controller/rd1005/testbench/verilog/up_model.vhd"
